// Jest Snapshot v1, https://goo.gl/fbAQLP

exports[`<Pagination /> should match its snapshot 1`] = `
Array [
  <a
    aria-disabled="false"
    class="dp-PaginationArrows"
    role="button"
    tabindex="0"
  />,
  <a
    aria-label="Page 1"
    class="dp-PageNumber"
    role="button"
    tabindex="0"
  >
    1
  </a>,
  <a
    aria-current="page"
    aria-label="Page 2 is your current page"
    class="dp-PageNumber is-active"
    role="button"
    tabindex="0"
  >
    2
  </a>,
  <a
    aria-label="Page 3"
    class="dp-PageNumber"
    role="button"
    tabindex="0"
  >
    3
  </a>,
  <a
    aria-label="Page 4"
    class="dp-PageNumber"
    role="button"
    tabindex="0"
  >
    4
  </a>,
  <a
    aria-label="Page 5"
    class="dp-PageNumber"
    role="button"
    tabindex="0"
  >
    5
  </a>,
  <a
    aria-label="Page 6"
    class="dp-PageNumber"
    role="button"
    tabindex="0"
  >
    6
  </a>,
  <a
    aria-label="Page 7"
    class="dp-PageNumber"
    role="button"
    tabindex="0"
  >
    7
  </a>,
  <a
    aria-label="Page 8"
    class="dp-PageNumber"
    role="button"
    tabindex="0"
  >
    8
  </a>,
  <a
    aria-label="Page 9"
    class="dp-PageNumber"
    role="button"
    tabindex="0"
  >
    9
  </a>,
  <a
    aria-label="Page 10"
    class="dp-PageNumber"
    role="button"
    tabindex="0"
  >
    10
  </a>,
  <a
    aria-label="Page 11"
    class="dp-PageNumber"
    role="button"
    tabindex="0"
  >
    11
  </a>,
  <a
    aria-label="Page 12"
    class="dp-PageNumber"
    role="button"
    tabindex="0"
  >
    12
  </a>,
  <a
    aria-label="Page 13"
    class="dp-PageNumber"
    role="button"
    tabindex="0"
  >
    13
  </a>,
  <a
    class="dp-BreakPagination"
    role="button"
    tabindex="0"
  >
    ...
  </a>,
  <a
    aria-label="Page 75"
    class="dp-PageNumber"
    role="button"
    tabindex="0"
  >
    75
  </a>,
  <a
    aria-disabled="false"
    class="dp-PaginationArrows"
    role="button"
    tabindex="0"
  />,
]
`;
