// Jest Snapshot v1, https://goo.gl/fbAQLP

exports[`<Meta /> should match its snapshot 1`] = `
<span
  class="dp-Meta"
>
  Name
  : 
  <span
    class="dp-Meta-value"
  >
    Value
  </span>
</span>
`;
