// Jest Snapshot v1, https://goo.gl/fbAQLP

exports[`<Badge /> should match its snapshot 'id' 1`] = `
<span
  class="dp-Badge Badge--id"
  role="button"
  tabindex="-1"
>
  #1234
</span>
`;
