// Jest Snapshot v1, https://goo.gl/fbAQLP

exports[`<Tag /> it should match its snapshot 1`] = `
<span
  class="dp-Tag"
>
  Tag text
</span>
`;
