// Jest Snapshot v1, https://goo.gl/fbAQLP

exports[`<Arrow /> should match its snapshot 1`] = `
<span
  class="dp-Icon dp-Arrow"
  data-testid="arrow-button"
  role="button"
  tabindex="-1"
/>
`;
