// Jest Snapshot v1, https://goo.gl/fbAQLP

exports[`<Button /> should match its snapshot 1`] = `
<button
  class="dp-Button Button--primary"
  type="button"
>
  Simple Button
</button>
`;
