// Jest Snapshot v1, https://goo.gl/fbAQLP

exports[`<Dropdown /> should match its snapshot 1`] = `
<span
  class="dp-Dropdown"
  role="button"
  tabindex="-1"
>
  Dropdown button
  <span
    class="dp-Icon dp-Arrow"
    role="button"
    tabindex="-1"
  />
</span>
`;

exports[`<Dropdown /> should open on click 1`] = `
<span
  class="dp-Menu-link"
>
  Select All
</span>
`;
