// Jest Snapshot v1, https://goo.gl/fbAQLP

exports[`<ScrollArea /> should match its snapshot 1`] = `
<div
  class="dp-ScrollArea"
  data-testid="scrollarea-test"
  style="position: relative; overflow: hidden; width: 100%; height: 100%;"
>
  <div
    class="dp-ScrollArea-view"
    style="position: absolute; top: 0px; left: 0px; right: 0px; bottom: 0px; overflow: scroll; margin-right: 0px; margin-bottom: 0px;"
  >
    <div>
      Content
    </div>
  </div>
  <div
    class="dp-ScrollArea-trackHorizontal"
    style="position: absolute; height: 6px; transition: opacity 200ms; opacity: 0; display: none;"
  >
    <div
      class="dp-ScrollArea-thumbHorizontal"
      style="position: relative; display: block; height: 100%;"
    />
  </div>
  <div
    class="dp-ScrollArea-trackVertical"
    style="position: absolute; width: 6px; transition: opacity 200ms; opacity: 0; display: none;"
  >
    <div
      class="dp-ScrollArea-thumbVertical"
      style="position: relative; display: block; width: 100%;"
    />
  </div>
</div>
`;
